23:44:37 **** Incremental Build of configuration Debug for project CAPE-Interface ****
make -j8 all 
arm-none-eabi-gcc "../Core/Src/main.c" -mcpu=cortex-m4 -std=gnu11 -g3 -DUSE_HAL_DRIVER -DSTM32F446xx -DDEBUG -c -I../Core/Inc -I../Drivers/STM32F4xx_HAL_Driver/Inc -I../Drivers/STM32F4xx_HAL_Driver/Inc/Legacy -I../Drivers/CMSIS/Device/ST/STM32F4xx/Include -I../Drivers/CMSIS/Include -O0 -ffunction-sections -fdata-sections -Wall -fstack-usage -MMD -MP -MF"Core/Src/main.d" -MT"Core/Src/main.o" --specs=nano.specs -mfpu=fpv4-sp-d16 -mfloat-abi=hard -mthumb -o "Core/Src/main.o"
../Core/Src/main.c: In function 'main':
../Core/Src/main.c:103:8: warning: unused variable 'oc_running' [-Wunused-variable]
   bool oc_running = false;
        ^~~~~~~~~~
arm-none-eabi-gcc -o "CAPE-Interface.elf" @"objects.list"   -mcpu=cortex-m4 -T"C:\GitHub\TNCMCU\Software\Code Playground\CAPE-Interface\STM32F446RETX_FLASH.ld" --specs=nosys.specs -Wl,-Map="CAPE-Interface.map" -Wl,--gc-sections -static --specs=nano.specs -mfpu=fpv4-sp-d16 -mfloat-abi=hard -mthumb -Wl,--start-group -lc -lm -Wl,--end-group
Finished building target: CAPE-Interface.elf
 
arm-none-eabi-objdump -h -S  CAPE-Interface.elf  > "CAPE-Interface.list"
arm-none-eabi-objcopy  -O binary  CAPE-Interface.elf  "CAPE-Interface.bin"
arm-none-eabi-size   CAPE-Interface.elf 
   text	   data	    bss	    dec	    hex	filename
   9664	     20	   1700	  11384	   2c78	CAPE-Interface.elf
Finished building: default.size.stdout
 
Finished building: CAPE-Interface.bin
 
Finished building: CAPE-Interface.list
 

23:44:38 Build Finished. 0 errors, 1 warnings. (took 923ms)

