14:57:51 **** Incremental Build of configuration Debug for project ADC_Freq_read ****
make -j8 all 
arm-none-eabi-gcc "../Core/Src/main.c" -mcpu=cortex-m4 -std=gnu11 -g3 -DUSE_HAL_DRIVER -DSTM32F446xx -DDEBUG -c -I../Core/Inc -I../Drivers/STM32F4xx_HAL_Driver/Inc -I../Drivers/STM32F4xx_HAL_Driver/Inc/Legacy -I../Drivers/CMSIS/Device/ST/STM32F4xx/Include -I../Drivers/CMSIS/Include -O0 -ffunction-sections -fdata-sections -Wall -fstack-usage -MMD -MP -MF"Core/Src/main.d" -MT"Core/Src/main.o" --specs=nano.specs -mfpu=fpv4-sp-d16 -mfloat-abi=hard -mthumb -o "Core/Src/main.o"
../Core/Src/main.c: In function 'main':
../Core/Src/main.c:108:3: warning: implicit declaration of function 'sprintf' [-Wimplicit-function-declaration]
   sprintf(uartData,"Starting...\n");
   ^~~~~~~
../Core/Src/main.c:108:3: warning: incompatible implicit declaration of built-in function 'sprintf'
../Core/Src/main.c:108:3: note: include '<stdio.h>' or provide a declaration of 'sprintf'
../Core/Src/main.c:109:41: warning: implicit declaration of function 'strlen' [-Wimplicit-function-declaration]
    HAL_UART_Transmit(&huart2, uartData, strlen(uartData), 10);
                                         ^~~~~~
../Core/Src/main.c:109:41: warning: incompatible implicit declaration of built-in function 'strlen'
../Core/Src/main.c:109:41: note: include '<string.h>' or provide a declaration of 'strlen'
../Core/Src/main.c:109:31: warning: pointer targets in passing argument 2 of 'HAL_UART_Transmit' differ in signedness [-Wpointer-sign]
    HAL_UART_Transmit(&huart2, uartData, strlen(uartData), 10);
                               ^~~~~~~~
In file included from ../Core/Inc/stm32f4xx_hal_conf.h:404:0,
                 from ../Drivers/STM32F4xx_HAL_Driver/Inc/stm32f4xx_hal.h:30,
                 from ../Core/Inc/main.h:31,
                 from ../Core/Src/main.c:21:
../Drivers/STM32F4xx_HAL_Driver/Inc/stm32f4xx_hal_uart.h:696:19: note: expected 'uint8_t * {aka unsigned char *}' but argument is of type 'char *'
 HAL_StatusTypeDef HAL_UART_Transmit(UART_HandleTypeDef *huart, uint8_t *pData, uint16_t Size, uint32_t Timeout);
                   ^~~~~~~~~~~~~~~~~
../Core/Src/main.c: In function 'TIM_OC_Callback':
../Core/Src/main.c:351:5: warning: incompatible implicit declaration of built-in function 'sprintf'
     sprintf(uartData,"adc %d = %d\n",i,adc_buffer[i]);
     ^~~~~~~
../Core/Src/main.c:351:5: note: include '<stdio.h>' or provide a declaration of 'sprintf'
../Core/Src/main.c:351:33: warning: format '%d' expects argument of type 'int', but argument 4 has type 'uint32_t {aka long unsigned int}' [-Wformat=]
     sprintf(uartData,"adc %d = %d\n",i,adc_buffer[i]);
                                ~^      ~~~~~~~~~~~~~
                                %ld
../Core/Src/main.c:352:43: warning: incompatible implicit declaration of built-in function 'strlen'
      HAL_UART_Transmit(&huart2, uartData, strlen(uartData), 10);
                                           ^~~~~~
../Core/Src/main.c:352:43: note: include '<string.h>' or provide a declaration of 'strlen'
../Core/Src/main.c:352:33: warning: pointer targets in passing argument 2 of 'HAL_UART_Transmit' differ in signedness [-Wpointer-sign]
      HAL_UART_Transmit(&huart2, uartData, strlen(uartData), 10);
                                 ^~~~~~~~
In file included from ../Core/Inc/stm32f4xx_hal_conf.h:404:0,
                 from ../Drivers/STM32F4xx_HAL_Driver/Inc/stm32f4xx_hal.h:30,
                 from ../Core/Inc/main.h:31,
                 from ../Core/Src/main.c:21:
../Drivers/STM32F4xx_HAL_Driver/Inc/stm32f4xx_hal_uart.h:696:19: note: expected 'uint8_t * {aka unsigned char *}' but argument is of type 'char *'
 HAL_StatusTypeDef HAL_UART_Transmit(UART_HandleTypeDef *huart, uint8_t *pData, uint16_t Size, uint32_t Timeout);
                   ^~~~~~~~~~~~~~~~~
arm-none-eabi-gcc -o "ADC_Freq_read.elf" @"objects.list"   -mcpu=cortex-m4 -T"C:\Users\13372\Documents\GitHub\TNCMCU\Software\Code Playground\ADC_Freq_read\STM32F446RETX_FLASH.ld" --specs=nosys.specs -Wl,-Map="ADC_Freq_read.map" -Wl,--gc-sections -static --specs=nano.specs -mfpu=fpv4-sp-d16 -mfloat-abi=hard -mthumb -Wl,--start-group -lc -lm -Wl,--end-group
Finished building target: ADC_Freq_read.elf
 
arm-none-eabi-objdump -h -S  ADC_Freq_read.elf  > "ADC_Freq_read.list"
arm-none-eabi-objcopy  -O binary  ADC_Freq_read.elf  "ADC_Freq_read.bin"
arm-none-eabi-size   ADC_Freq_read.elf 
   text	   data	    bss	    dec	    hex	filename
  17976	    120	   8960	  27056	   69b0	ADC_Freq_read.elf
Finished building: default.size.stdout
 
Finished building: ADC_Freq_read.bin
 
Finished building: ADC_Freq_read.list
 
14:57:57 **** Incremental Build of configuration Debug for project ADC_Freq_read ****
make -j8 all 
arm-none-eabi-size   ADC_Freq_read.elf 
   text	   data	    bss	    dec	    hex	filename
  17976	    120	   8960	  27056	   69b0	ADC_Freq_read.elf
Finished building: default.size.stdout
 
