19:18:30 **** Incremental Build of configuration Debug for project TNC_Test_1 ****
make all 
arm-none-eabi-gcc -c "../Core/Src/main.c" -mcpu=cortex-m4 -std=gnu11 -g3 '-D__weak=__attribute__((weak))' '-D__packed=__attribute__((__packed__))' -DUSE_HAL_DRIVER -DSTM32L476xx -c -I../Core/Inc -I../Drivers/STM32L4xx_HAL_Driver/Inc -I../Drivers/STM32L4xx_HAL_Driver/Inc/Legacy -I../Drivers/CMSIS/Device/ST/STM32L4xx/Include -I../Drivers/CMSIS/Include -Os -ffunction-sections -fdata-sections -Wall -fstack-usage -MMD -MP -MF"Core/Src/main.d" -MT"Core/Src/main.o" --specs=nano.specs -mfpu=fpv4-sp-d16 -mfloat-abi=hard -mthumb -o "Core/Src/main.o"
../Core/Src/main.c: In function 'main':
../Core/Src/main.c:111:8: warning: unused variable 'oc_running' [-Wunused-variable]
   bool oc_running = false;
        ^~~~~~~~~~
arm-none-eabi-gcc -o "TNC_Test_1.elf" @"objects.list"   -mcpu=cortex-m4 -T"../STM32L476RG_FLASH.ld" --specs=nosys.specs -Wl,-Map="TNC_Test_1.map" -Wl,--gc-sections -static --specs=nano.specs -mfpu=fpv4-sp-d16 -mfloat-abi=hard -mthumb -Wl,--start-group -lc -lm -Wl,--end-group
Finished building target: TNC_Test_1.elf
 
arm-none-eabi-size   TNC_Test_1.elf 
   text	   data	    bss	    dec	    hex	filename
   8300	     12	   1812	  10124	   278c	TNC_Test_1.elf
Finished building: default.size.stdout
 
arm-none-eabi-objdump -h -S  TNC_Test_1.elf  > "TNC_Test_1.list"
Finished building: TNC_Test_1.list
 
arm-none-eabi-objcopy  -O binary  TNC_Test_1.elf  "TNC_Test_1.bin"
Finished building: TNC_Test_1.bin
 
arm-none-eabi-objcopy.exe -O ihex "TNC_Test_1.elf" "TNC_Test_1.hex"
 

19:18:31 Build Finished. 0 errors, 1 warnings. (took 1s.91ms)

